// Jest Snapshot v1, https://goo.gl/fbAQLP

exports[`Calling AgentCaseDisplay component correctly should render AgentCaseDisplay component correctly 1`] = `ShallowWrapper {}`;

exports[`Calling AgentCaseDisplay component correctly should render NavbarDash component correctly 1`] = `ShallowWrapper {}`;

exports[`Calling AgentCaseDisplay component correctly should render Sidebar component correctly 1`] = `ShallowWrapper {}`;
